c:\users\user\documents\flyff\v18\source\output\neuz\nogameguard\neuz.bsc
c:\users\user\documents\flyff\v18\source\output\neuz\nogameguard\neuz.pch
c:\users\user\documents\flyff\v18\source\output\neuz\nogameguard\stdafx.sbr
c:\users\user\documents\flyff\v18\source\output\neuz\nogameguard\stdafx.obj
c:\users\user\documents\flyff\v18\source\output\neuz\nogameguard\accessory.sbr
c:\users\user\documents\flyff\v18\source\output\neuz\nogameguard\campushelper.sbr
c:\users\user\documents\flyff\v18\source\output\neuz\nogameguard\clord.sbr
c:\users\user\documents\flyff\v18\source\output\neuz\nogameguard\cloth.sbr
c:\users\user\documents\flyff\v18\source\output\neuz\nogameguard\collecting.sbr
c:\users\user\documents\flyff\v18\source\output\neuz\nogameguard\couplehelper.sbr
c:\users\user\documents\flyff\v18\source\output\neuz\nogameguard\dpcertified.sbr
c:\users\user\documents\flyff\v18\source\output\neuz\nogameguard\dpclient.sbr
c:\users\user\documents\flyff\v18\source\output\neuz\nogameguard\dpclientguildwar.sbr
c:\users\user\documents\flyff\v18\source\output\neuz\nogameguard\dpclientlux.sbr
c:\users\user\documents\flyff\v18\source\output\neuz\nogameguard\dploginclient.sbr
c:\users\user\documents\flyff\v18\source\output\neuz\nogameguard\langman.sbr
c:\users\user\documents\flyff\v18\source\output\neuz\nogameguard\lord.sbr
c:\users\user\documents\flyff\v18\source\output\neuz\nogameguard\memtrace.sbr
c:\users\user\documents\flyff\v18\source\output\neuz\nogameguard\network.sbr
c:\users\user\documents\flyff\v18\source\output\neuz\nogameguard\neuz.sbr
c:\users\user\documents\flyff\v18\source\output\neuz\nogameguard\neuzenemy.sbr
c:\users\user\documents\flyff\v18\source\output\neuz\nogameguard\neuzmsgproc.sbr
c:\users\user\documents\flyff\v18\source\output\neuz\nogameguard\openloadwnd.sbr
c:\users\user\documents\flyff\v18\source\output\neuz\nogameguard\playerdata.sbr
c:\users\user\documents\flyff\v18\source\output\neuz\nogameguard\playerdata.obj
c:\users\user\documents\flyff\v18\source\output\neuz\nogameguard\openloadwnd.obj
c:\users\user\documents\flyff\v18\source\output\neuz\nogameguard\neuzmsgproc.obj
c:\users\user\documents\flyff\v18\source\output\neuz\nogameguard\neuzenemy.obj
c:\users\user\documents\flyff\v18\source\output\neuz\nogameguard\neuz.obj
c:\users\user\documents\flyff\v18\source\output\neuz\nogameguard\network.obj
c:\users\user\documents\flyff\v18\source\output\neuz\nogameguard\memtrace.obj
c:\users\user\documents\flyff\v18\source\output\neuz\nogameguard\lord.obj
c:\users\user\documents\flyff\v18\source\output\neuz\nogameguard\langman.obj
c:\users\user\documents\flyff\v18\source\output\neuz\nogameguard\dploginclient.obj
c:\users\user\documents\flyff\v18\source\output\neuz\nogameguard\dpclientlux.obj
c:\users\user\documents\flyff\v18\source\output\neuz\nogameguard\dpclientguildwar.obj
c:\users\user\documents\flyff\v18\source\output\neuz\nogameguard\dpclient.obj
c:\users\user\documents\flyff\v18\source\output\neuz\nogameguard\dpcertified.obj
c:\users\user\documents\flyff\v18\source\output\neuz\nogameguard\couplehelper.obj
c:\users\user\documents\flyff\v18\source\output\neuz\nogameguard\collecting.obj
c:\users\user\documents\flyff\v18\source\output\neuz\nogameguard\cloth.obj
c:\users\user\documents\flyff\v18\source\output\neuz\nogameguard\clord.obj
c:\users\user\documents\flyff\v18\source\output\neuz\nogameguard\campushelper.obj
c:\users\user\documents\flyff\v18\source\output\neuz\nogameguard\accessory.obj
c:\users\user\documents\flyff\v18\source\output\neuz\nogameguard\pocket.sbr
c:\users\user\documents\flyff\v18\source\output\neuz\nogameguard\rtmessenger.sbr
c:\users\user\documents\flyff\v18\source\output\neuz\nogameguard\timelimit.sbr
c:\users\user\documents\flyff\v18\source\output\neuz\nogameguard\webbox.sbr
c:\users\user\documents\flyff\v18\source\output\neuz\nogameguard\webctrl.sbr
c:\users\user\documents\flyff\v18\source\output\neuz\nogameguard\wndquizevent.sbr
c:\users\user\documents\flyff\v18\source\output\neuz\nogameguard\worldmap.sbr
c:\users\user\documents\flyff\v18\source\output\neuz\nogameguard\d3dapp.sbr
c:\users\user\documents\flyff\v18\source\output\neuz\nogameguard\d3denumeration.sbr
c:\users\user\documents\flyff\v18\source\output\neuz\nogameguard\d3dfont.sbr
c:\users\user\documents\flyff\v18\source\output\neuz\nogameguard\d3dsettings.sbr
c:\users\user\documents\flyff\v18\source\output\neuz\nogameguard\d3dutil.sbr
c:\users\user\documents\flyff\v18\source\output\neuz\nogameguard\dsutil.sbr
c:\users\user\documents\flyff\v18\source\output\neuz\nogameguard\dxutil.sbr
c:\users\user\documents\flyff\v18\source\output\neuz\nogameguard\funcapplet.sbr
c:\users\user\documents\flyff\v18\source\output\neuz\nogameguard\functextcmd.sbr
c:\users\user\documents\flyff\v18\source\output\neuz\nogameguard\wndguidesystem.sbr
c:\users\user\documents\flyff\v18\source\output\neuz\nogameguard\wndinvenremoveitem.sbr
c:\users\user\documents\flyff\v18\source\output\neuz\nogameguard\wndmanager.sbr
c:\users\user\documents\flyff\v18\source\output\neuz\nogameguard\wndmessagebox.sbr
c:\users\user\documents\flyff\v18\source\output\neuz\nogameguard\wndmessagebox.obj
c:\users\user\documents\flyff\v18\source\output\neuz\nogameguard\wndmanager.obj
c:\users\user\documents\flyff\v18\source\output\neuz\nogameguard\wndinvenremoveitem.obj
c:\users\user\documents\flyff\v18\source\output\neuz\nogameguard\wndguidesystem.obj
c:\users\user\documents\flyff\v18\source\output\neuz\nogameguard\functextcmd.obj
c:\users\user\documents\flyff\v18\source\output\neuz\nogameguard\funcapplet.obj
c:\users\user\documents\flyff\v18\source\output\neuz\nogameguard\dxutil.obj
c:\users\user\documents\flyff\v18\source\output\neuz\nogameguard\dsutil.obj
c:\users\user\documents\flyff\v18\source\output\neuz\nogameguard\d3dutil.obj
c:\users\user\documents\flyff\v18\source\output\neuz\nogameguard\d3dsettings.obj
c:\users\user\documents\flyff\v18\source\output\neuz\nogameguard\d3dfont.obj
c:\users\user\documents\flyff\v18\source\output\neuz\nogameguard\d3denumeration.obj
c:\users\user\documents\flyff\v18\source\output\neuz\nogameguard\d3dapp.obj
c:\users\user\documents\flyff\v18\source\output\neuz\nogameguard\worldmap.obj
c:\users\user\documents\flyff\v18\source\output\neuz\nogameguard\wndquizevent.obj
c:\users\user\documents\flyff\v18\source\output\neuz\nogameguard\webctrl.obj
c:\users\user\documents\flyff\v18\source\output\neuz\nogameguard\webbox.obj
c:\users\user\documents\flyff\v18\source\output\neuz\nogameguard\timelimit.obj
c:\users\user\documents\flyff\v18\source\output\neuz\nogameguard\rtmessenger.obj
c:\users\user\documents\flyff\v18\source\output\neuz\nogameguard\pocket.obj
c:\users\user\documents\flyff\v18\source\output\neuz\nogameguard\wndneuz.sbr
c:\users\user\documents\flyff\v18\source\output\neuz\nogameguard\wndquest.sbr
c:\users\user\documents\flyff\v18\source\output\neuz\nogameguard\wndquitroom.sbr
c:\users\user\documents\flyff\v18\source\output\neuz\nogameguard\wndroomlist.sbr
c:\users\user\documents\flyff\v18\source\output\neuz\nogameguard\wndselectvillage.sbr
c:\users\user\documents\flyff\v18\source\output\neuz\nogameguard\wndwebbox.sbr
c:\users\user\documents\flyff\v18\source\output\neuz\nogameguard\wndworld.sbr
c:\users\user\documents\flyff\v18\source\output\neuz\nogameguard\wndworldcontrolplayer.sbr
c:\users\user\documents\flyff\v18\source\output\neuz\nogameguard\resmanager.sbr
c:\users\user\documents\flyff\v18\source\output\neuz\nogameguard\wndbase.sbr
c:\users\user\documents\flyff\v18\source\output\neuz\nogameguard\wndcontrol.sbr
c:\users\user\documents\flyff\v18\source\output\neuz\nogameguard\wndeditctrl.sbr
c:\users\user\documents\flyff\v18\source\output\neuz\nogameguard\wnditemctrl.sbr
c:\users\user\documents\flyff\v18\source\output\neuz\nogameguard\wndtradectrl.sbr
c:\users\user\documents\flyff\v18\source\output\neuz\nogameguard\wndcredit.sbr
c:\users\user\documents\flyff\v18\source\output\neuz\nogameguard\wndtitle.sbr
c:\users\user\documents\flyff\v18\source\output\neuz\nogameguard\clipboard.sbr
c:\users\user\documents\flyff\v18\source\output\neuz\nogameguard\itheme.sbr
c:\users\user\documents\flyff\v18\source\output\neuz\nogameguard\tooltip.sbr
c:\users\user\documents\flyff\v18\source\output\neuz\nogameguard\wnd2ndpassword.sbr
c:\users\user\documents\flyff\v18\source\output\neuz\nogameguard\wnd2ndpassword.obj
c:\users\user\documents\flyff\v18\source\output\neuz\nogameguard\tooltip.obj
c:\users\user\documents\flyff\v18\source\output\neuz\nogameguard\itheme.obj
c:\users\user\documents\flyff\v18\source\output\neuz\nogameguard\clipboard.obj
c:\users\user\documents\flyff\v18\source\output\neuz\nogameguard\wndtitle.obj
c:\users\user\documents\flyff\v18\source\output\neuz\nogameguard\wndcredit.obj
c:\users\user\documents\flyff\v18\source\output\neuz\nogameguard\wndtradectrl.obj
c:\users\user\documents\flyff\v18\source\output\neuz\nogameguard\wnditemctrl.obj
c:\users\user\documents\flyff\v18\source\output\neuz\nogameguard\wndeditctrl.obj
c:\users\user\documents\flyff\v18\source\output\neuz\nogameguard\wndcontrol.obj
c:\users\user\documents\flyff\v18\source\output\neuz\nogameguard\wndbase.obj
c:\users\user\documents\flyff\v18\source\output\neuz\nogameguard\resmanager.obj
c:\users\user\documents\flyff\v18\source\output\neuz\nogameguard\wndworldcontrolplayer.obj
c:\users\user\documents\flyff\v18\source\output\neuz\nogameguard\wndworld.obj
c:\users\user\documents\flyff\v18\source\output\neuz\nogameguard\wndwebbox.obj
c:\users\user\documents\flyff\v18\source\output\neuz\nogameguard\wndselectvillage.obj
c:\users\user\documents\flyff\v18\source\output\neuz\nogameguard\wndroomlist.obj
c:\users\user\documents\flyff\v18\source\output\neuz\nogameguard\wndquitroom.obj
c:\users\user\documents\flyff\v18\source\output\neuz\nogameguard\wndquest.obj
c:\users\user\documents\flyff\v18\source\output\neuz\nogameguard\wndneuz.obj
c:\users\user\documents\flyff\v18\source\output\neuz\nogameguard\wndawakening.sbr
c:\users\user\documents\flyff\v18\source\output\neuz\nogameguard\wndbagex.sbr
c:\users\user\documents\flyff\v18\source\output\neuz\nogameguard\wndbank.sbr
c:\users\user\documents\flyff\v18\source\output\neuz\nogameguard\wndblessingcancel.sbr
c:\users\user\documents\flyff\v18\source\output\neuz\nogameguard\wndchangeface.sbr
c:\users\user\documents\flyff\v18\source\output\neuz\nogameguard\wndchangename.sbr
c:\users\user\documents\flyff\v18\source\output\neuz\nogameguard\wndcloseexistingconnection.sbr
c:\users\user\documents\flyff\v18\source\output\neuz\nogameguard\wndcollecting.sbr
c:\users\user\documents\flyff\v18\source\output\neuz\nogameguard\wndcommitem.sbr
c:\users\user\documents\flyff\v18\source\output\neuz\nogameguard\wnddialog.sbr
c:\users\user\documents\flyff\v18\source\output\neuz\nogameguard\wndduelconfirm.sbr
c:\users\user\documents\flyff\v18\source\output\neuz\nogameguard\wndfield.sbr
c:\users\user\documents\flyff\v18\source\output\neuz\nogameguard\wndhelp.sbr
c:\users\user\documents\flyff\v18\source\output\neuz\nogameguard\wndhousing.sbr
c:\users\user\documents\flyff\v18\source\output\neuz\nogameguard\wndlord.sbr
c:\users\user\documents\flyff\v18\source\output\neuz\nogameguard\wndlvreqdown.sbr
c:\users\user\documents\flyff\v18\source\output\neuz\nogameguard\wndmap.sbr
c:\users\user\documents\flyff\v18\source\output\neuz\nogameguard\wndmessengersearch.sbr
c:\users\user\documents\flyff\v18\source\output\neuz\nogameguard\wndminigame.sbr
c:\users\user\documents\flyff\v18\source\output\neuz\nogameguard\wndmotion.sbr
c:\users\user\documents\flyff\v18\source\output\neuz\nogameguard\wndmotion.obj
c:\users\user\documents\flyff\v18\source\output\neuz\nogameguard\wndminigame.obj
c:\users\user\documents\flyff\v18\source\output\neuz\nogameguard\wndmessengersearch.obj
c:\users\user\documents\flyff\v18\source\output\neuz\nogameguard\wndmap.obj
c:\users\user\documents\flyff\v18\source\output\neuz\nogameguard\wndlvreqdown.obj
c:\users\user\documents\flyff\v18\source\output\neuz\nogameguard\wndlord.obj
c:\users\user\documents\flyff\v18\source\output\neuz\nogameguard\wndhousing.obj
c:\users\user\documents\flyff\v18\source\output\neuz\nogameguard\wndhelp.obj
c:\users\user\documents\flyff\v18\source\output\neuz\nogameguard\wndfield.obj
c:\users\user\documents\flyff\v18\source\output\neuz\nogameguard\wndduelconfirm.obj
c:\users\user\documents\flyff\v18\source\output\neuz\nogameguard\wnddialog.obj
c:\users\user\documents\flyff\v18\source\output\neuz\nogameguard\wndcommitem.obj
c:\users\user\documents\flyff\v18\source\output\neuz\nogameguard\wndcollecting.obj
c:\users\user\documents\flyff\v18\source\output\neuz\nogameguard\wndcloseexistingconnection.obj
c:\users\user\documents\flyff\v18\source\output\neuz\nogameguard\wndchangename.obj
c:\users\user\documents\flyff\v18\source\output\neuz\nogameguard\wndchangeface.obj
c:\users\user\documents\flyff\v18\source\output\neuz\nogameguard\wndblessingcancel.obj
c:\users\user\documents\flyff\v18\source\output\neuz\nogameguard\wndbank.obj
c:\users\user\documents\flyff\v18\source\output\neuz\nogameguard\wndbagex.obj
c:\users\user\documents\flyff\v18\source\output\neuz\nogameguard\wndawakening.obj
c:\users\user\documents\flyff\v18\source\output\neuz\nogameguard\wndnotice.sbr
c:\users\user\documents\flyff\v18\source\output\neuz\nogameguard\wndoption.sbr
c:\users\user\documents\flyff\v18\source\output\neuz\nogameguard\wndoptiongame.sbr
c:\users\user\documents\flyff\v18\source\output\neuz\nogameguard\wndparty.sbr
c:\users\user\documents\flyff\v18\source\output\neuz\nogameguard\wndpartychangetroup.sbr
c:\users\user\documents\flyff\v18\source\output\neuz\nogameguard\wndpartyconfirm.sbr
c:\users\user\documents\flyff\v18\source\output\neuz\nogameguard\wndpartyquick.sbr
c:\users\user\documents\flyff\v18\source\output\neuz\nogameguard\wndpetres.sbr
c:\users\user\documents\flyff\v18\source\output\neuz\nogameguard\wndpetsys.sbr
c:\users\user\documents\flyff\v18\source\output\neuz\nogameguard\wndpvp.sbr
c:\users\user\documents\flyff\v18\source\output\neuz\nogameguard\wndquestquickinfo.sbr
c:\users\user\documents\flyff\v18\source\output\neuz\nogameguard\wndrainbowrace.sbr
c:\users\user\documents\flyff\v18\source\output\neuz\nogameguard\wndrepairitem.sbr
c:\users\user\documents\flyff\v18\source\output\neuz\nogameguard\wndrepairitemctrl.sbr
c:\users\user\documents\flyff\v18\source\output\neuz\nogameguard\wndsealchar.sbr
c:\users\user\documents\flyff\v18\source\output\neuz\nogameguard\wndselectch.sbr
c:\users\user\documents\flyff\v18\source\output\neuz\nogameguard\wndshop.sbr
c:\users\user\documents\flyff\v18\source\output\neuz\nogameguard\wndsummonangel.sbr
c:\users\user\documents\flyff\v18\source\output\neuz\nogameguard\wndsummonfriend.sbr
c:\users\user\documents\flyff\v18\source\output\neuz\nogameguard\wndtaskbar.sbr
c:\users\user\documents\flyff\v18\source\output\neuz\nogameguard\wndtaskbar.obj
c:\users\user\documents\flyff\v18\source\output\neuz\nogameguard\wndsummonfriend.obj
c:\users\user\documents\flyff\v18\source\output\neuz\nogameguard\wndsummonangel.obj
c:\users\user\documents\flyff\v18\source\output\neuz\nogameguard\wndshop.obj
c:\users\user\documents\flyff\v18\source\output\neuz\nogameguard\wndselectch.obj
c:\users\user\documents\flyff\v18\source\output\neuz\nogameguard\wndsealchar.obj
c:\users\user\documents\flyff\v18\source\output\neuz\nogameguard\wndrepairitemctrl.obj
c:\users\user\documents\flyff\v18\source\output\neuz\nogameguard\wndrepairitem.obj
c:\users\user\documents\flyff\v18\source\output\neuz\nogameguard\wndrainbowrace.obj
c:\users\user\documents\flyff\v18\source\output\neuz\nogameguard\wndquestquickinfo.obj
c:\users\user\documents\flyff\v18\source\output\neuz\nogameguard\wndpvp.obj
c:\users\user\documents\flyff\v18\source\output\neuz\nogameguard\wndpetsys.obj
c:\users\user\documents\flyff\v18\source\output\neuz\nogameguard\wndpetres.obj
c:\users\user\documents\flyff\v18\source\output\neuz\nogameguard\wndpartyquick.obj
c:\users\user\documents\flyff\v18\source\output\neuz\nogameguard\wndpartyconfirm.obj
c:\users\user\documents\flyff\v18\source\output\neuz\nogameguard\wndpartychangetroup.obj
c:\users\user\documents\flyff\v18\source\output\neuz\nogameguard\wndparty.obj
c:\users\user\documents\flyff\v18\source\output\neuz\nogameguard\wndoptiongame.obj
c:\users\user\documents\flyff\v18\source\output\neuz\nogameguard\wndoption.obj
c:\users\user\documents\flyff\v18\source\output\neuz\nogameguard\wndnotice.obj
c:\users\user\documents\flyff\v18\source\output\neuz\nogameguard\wndtext.sbr
c:\users\user\documents\flyff\v18\source\output\neuz\nogameguard\wndtutorial.sbr
c:\users\user\documents\flyff\v18\source\output\neuz\nogameguard\wndupgradebase.sbr
c:\users\user\documents\flyff\v18\source\output\neuz\nogameguard\wndchatfilter.sbr
c:\users\user\documents\flyff\v18\source\output\neuz\nogameguard\wndcommand.sbr
c:\users\user\documents\flyff\v18\source\output\neuz\nogameguard\wndcommunication.sbr
c:\users\user\documents\flyff\v18\source\output\neuz\nogameguard\wndfriendconfirm.sbr
c:\users\user\documents\flyff\v18\source\output\neuz\nogameguard\wndfriendctrl.sbr
c:\users\user\documents\flyff\v18\source\output\neuz\nogameguard\wndguildctrl.sbr
c:\users\user\documents\flyff\v18\source\output\neuz\nogameguard\wndmessenger.sbr
c:\users\user\documents\flyff\v18\source\output\neuz\nogameguard\wndmessengerctrl.sbr
c:\users\user\documents\flyff\v18\source\output\neuz\nogameguard\wndpartyctrl.sbr
c:\users\user\documents\flyff\v18\source\output\neuz\nogameguard\wndregvend.sbr
c:\users\user\documents\flyff\v18\source\output\neuz\nogameguard\wndvendor.sbr
c:\users\user\documents\flyff\v18\source\output\neuz\nogameguard\wndvendorbuy.sbr
c:\users\user\documents\flyff\v18\source\output\neuz\nogameguard\wndvendorctrl.sbr
c:\users\user\documents\flyff\v18\source\output\neuz\nogameguard\wndguild.sbr
c:\users\user\documents\flyff\v18\source\output\neuz\nogameguard\wndguildbank.sbr
c:\users\user\documents\flyff\v18\source\output\neuz\nogameguard\wndguildcombat1to1.sbr
c:\users\user\documents\flyff\v18\source\output\neuz\nogameguard\wndguildhouse.sbr
c:\users\user\documents\flyff\v18\source\output\neuz\nogameguard\wndguildhouse.obj
c:\users\user\documents\flyff\v18\source\output\neuz\nogameguard\wndguildcombat1to1.obj
c:\users\user\documents\flyff\v18\source\output\neuz\nogameguard\wndguildbank.obj
c:\users\user\documents\flyff\v18\source\output\neuz\nogameguard\wndguild.obj
c:\users\user\documents\flyff\v18\source\output\neuz\nogameguard\wndvendorctrl.obj
c:\users\user\documents\flyff\v18\source\output\neuz\nogameguard\wndvendorbuy.obj
c:\users\user\documents\flyff\v18\source\output\neuz\nogameguard\wndvendor.obj
c:\users\user\documents\flyff\v18\source\output\neuz\nogameguard\wndregvend.obj
c:\users\user\documents\flyff\v18\source\output\neuz\nogameguard\wndpartyctrl.obj
c:\users\user\documents\flyff\v18\source\output\neuz\nogameguard\wndmessengerctrl.obj
c:\users\user\documents\flyff\v18\source\output\neuz\nogameguard\wndmessenger.obj
c:\users\user\documents\flyff\v18\source\output\neuz\nogameguard\wndguildctrl.obj
c:\users\user\documents\flyff\v18\source\output\neuz\nogameguard\wndfriendctrl.obj
c:\users\user\documents\flyff\v18\source\output\neuz\nogameguard\wndfriendconfirm.obj
c:\users\user\documents\flyff\v18\source\output\neuz\nogameguard\wndcommunication.obj
c:\users\user\documents\flyff\v18\source\output\neuz\nogameguard\wndcommand.obj
c:\users\user\documents\flyff\v18\source\output\neuz\nogameguard\wndchatfilter.obj
c:\users\user\documents\flyff\v18\source\output\neuz\nogameguard\wndupgradebase.obj
c:\users\user\documents\flyff\v18\source\output\neuz\nogameguard\wndtutorial.obj
c:\users\user\documents\flyff\v18\source\output\neuz\nogameguard\wndtext.obj
c:\users\user\documents\flyff\v18\source\output\neuz\nogameguard\wndguildmerit.sbr
c:\users\user\documents\flyff\v18\source\output\neuz\nogameguard\wndguildname.sbr
c:\users\user\documents\flyff\v18\source\output\neuz\nogameguard\wndguildtabapp.sbr
c:\users\user\documents\flyff\v18\source\output\neuz\nogameguard\wndguildtabinfo.sbr
c:\users\user\documents\flyff\v18\source\output\neuz\nogameguard\wndguildtabmember.sbr
c:\users\user\documents\flyff\v18\source\output\neuz\nogameguard\wndguildtabpower.sbr
c:\users\user\documents\flyff\v18\source\output\neuz\nogameguard\wndguildtabwar.sbr
c:\users\user\documents\flyff\v18\source\output\neuz\nogameguard\wndguildvote.sbr
c:\users\user\documents\flyff\v18\source\output\neuz\nogameguard\wndguildwardecl.sbr
c:\users\user\documents\flyff\v18\source\output\neuz\nogameguard\wndguildwargiveup.sbr
c:\users\user\documents\flyff\v18\source\output\neuz\nogameguard\wndguildwarpeace.sbr
c:\users\user\documents\flyff\v18\source\output\neuz\nogameguard\wndguildwarpeaceconfirm.sbr
c:\users\user\documents\flyff\v18\source\output\neuz\nogameguard\wndguildwarrequest.sbr
c:\users\user\documents\flyff\v18\source\output\neuz\nogameguard\wndsecretroom.sbr
c:\users\user\documents\flyff\v18\source\output\neuz\nogameguard\wndrankguild.sbr
c:\users\user\documents\flyff\v18\source\output\neuz\nogameguard\wndrankinfo.sbr
c:\users\user\documents\flyff\v18\source\output\neuz\nogameguard\wndrankwar.sbr
c:\users\user\documents\flyff\v18\source\output\neuz\nogameguard\wndpiercing.sbr
c:\users\user\documents\flyff\v18\source\output\neuz\nogameguard\wndadmincreateitem.sbr
c:\users\user\documents\flyff\v18\source\output\neuz\nogameguard\wnddebuginfo.sbr
c:\users\user\documents\flyff\v18\source\output\neuz\nogameguard\wnddebuginfo.obj
c:\users\user\documents\flyff\v18\source\output\neuz\nogameguard\wndadmincreateitem.obj
c:\users\user\documents\flyff\v18\source\output\neuz\nogameguard\wndpiercing.obj
c:\users\user\documents\flyff\v18\source\output\neuz\nogameguard\wndrankwar.obj
c:\users\user\documents\flyff\v18\source\output\neuz\nogameguard\wndrankinfo.obj
c:\users\user\documents\flyff\v18\source\output\neuz\nogameguard\wndrankguild.obj
c:\users\user\documents\flyff\v18\source\output\neuz\nogameguard\wndsecretroom.obj
c:\users\user\documents\flyff\v18\source\output\neuz\nogameguard\wndguildwarrequest.obj
c:\users\user\documents\flyff\v18\source\output\neuz\nogameguard\wndguildwarpeaceconfirm.obj
c:\users\user\documents\flyff\v18\source\output\neuz\nogameguard\wndguildwarpeace.obj
c:\users\user\documents\flyff\v18\source\output\neuz\nogameguard\wndguildwargiveup.obj
c:\users\user\documents\flyff\v18\source\output\neuz\nogameguard\wndguildwardecl.obj
c:\users\user\documents\flyff\v18\source\output\neuz\nogameguard\wndguildvote.obj
c:\users\user\documents\flyff\v18\source\output\neuz\nogameguard\wndguildtabwar.obj
c:\users\user\documents\flyff\v18\source\output\neuz\nogameguard\wndguildtabpower.obj
c:\users\user\documents\flyff\v18\source\output\neuz\nogameguard\wndguildtabmember.obj
c:\users\user\documents\flyff\v18\source\output\neuz\nogameguard\wndguildtabinfo.obj
c:\users\user\documents\flyff\v18\source\output\neuz\nogameguard\wndguildtabapp.obj
c:\users\user\documents\flyff\v18\source\output\neuz\nogameguard\wndguildname.obj
c:\users\user\documents\flyff\v18\source\output\neuz\nogameguard\wndguildmerit.obj
c:\users\user\documents\flyff\v18\source\output\neuz\nogameguard\wndindirecttalk.sbr
c:\users\user\documents\flyff\v18\source\output\neuz\nogameguard\aiinterface.sbr
c:\users\user\documents\flyff\v18\source\output\neuz\nogameguard\buff.sbr
c:\users\user\documents\flyff\v18\source\output\neuz\nogameguard\campus.sbr
c:\users\user\documents\flyff\v18\source\output\neuz\nogameguard\chatting.sbr
c:\users\user\documents\flyff\v18\source\output\neuz\nogameguard\continent.sbr
c:\users\user\documents\flyff\v18\source\output\neuz\nogameguard\cooltimemgr.sbr
c:\users\user\documents\flyff\v18\source\output\neuz\nogameguard\couple.sbr
c:\users\user\documents\flyff\v18\source\output\neuz\nogameguard\debug.sbr
c:\users\user\documents\flyff\v18\source\output\neuz\nogameguard\definecommon.sbr
c:\users\user\documents\flyff\v18\source\output\neuz\nogameguard\eveschool.sbr
c:\users\user\documents\flyff\v18\source\output\neuz\nogameguard\exchange.sbr
c:\users\user\documents\flyff\v18\source\output\neuz\nogameguard\flyffevent.sbr
c:\users\user\documents\flyff\v18\source\output\neuz\nogameguard\guildcombat1to1.sbr
c:\users\user\documents\flyff\v18\source\output\neuz\nogameguard\guildhouse.sbr
c:\users\user\documents\flyff\v18\source\output\neuz\nogameguard\honor.sbr
c:\users\user\documents\flyff\v18\source\output\neuz\nogameguard\housing.sbr
c:\users\user\documents\flyff\v18\source\output\neuz\nogameguard\hwoption.sbr
c:\users\user\documents\flyff\v18\source\output\neuz\nogameguard\lordskill.sbr
c:\users\user\documents\flyff\v18\source\output\neuz\nogameguard\luabase.sbr
c:\users\user\documents\flyff\v18\source\output\neuz\nogameguard\luabase.obj
c:\users\user\documents\flyff\v18\source\output\neuz\nogameguard\lordskill.obj
c:\users\user\documents\flyff\v18\source\output\neuz\nogameguard\hwoption.obj
c:\users\user\documents\flyff\v18\source\output\neuz\nogameguard\housing.obj
c:\users\user\documents\flyff\v18\source\output\neuz\nogameguard\honor.obj
c:\users\user\documents\flyff\v18\source\output\neuz\nogameguard\guildhouse.obj
c:\users\user\documents\flyff\v18\source\output\neuz\nogameguard\guildcombat1to1.obj
c:\users\user\documents\flyff\v18\source\output\neuz\nogameguard\flyffevent.obj
c:\users\user\documents\flyff\v18\source\output\neuz\nogameguard\exchange.obj
c:\users\user\documents\flyff\v18\source\output\neuz\nogameguard\eveschool.obj
c:\users\user\documents\flyff\v18\source\output\neuz\nogameguard\definecommon.obj
c:\users\user\documents\flyff\v18\source\output\neuz\nogameguard\debug.obj
c:\users\user\documents\flyff\v18\source\output\neuz\nogameguard\couple.obj
c:\users\user\documents\flyff\v18\source\output\neuz\nogameguard\cooltimemgr.obj
c:\users\user\documents\flyff\v18\source\output\neuz\nogameguard\continent.obj
c:\users\user\documents\flyff\v18\source\output\neuz\nogameguard\chatting.obj
c:\users\user\documents\flyff\v18\source\output\neuz\nogameguard\campus.obj
c:\users\user\documents\flyff\v18\source\output\neuz\nogameguard\buff.obj
c:\users\user\documents\flyff\v18\source\output\neuz\nogameguard\aiinterface.obj
c:\users\user\documents\flyff\v18\source\output\neuz\nogameguard\wndindirecttalk.obj
c:\users\user\documents\flyff\v18\source\output\neuz\nogameguard\messenger.sbr
c:\users\user\documents\flyff\v18\source\output\neuz\nogameguard\minigame.sbr
c:\users\user\documents\flyff\v18\source\output\neuz\nogameguard\minigamebase.sbr
c:\users\user\documents\flyff\v18\source\output\neuz\nogameguard\moverbuff.sbr
c:\users\user\documents\flyff\v18\source\output\neuz\nogameguard\particle.sbr
c:\users\user\documents\flyff\v18\source\output\neuz\nogameguard\partyquest.sbr
c:\users\user\documents\flyff\v18\source\output\neuz\nogameguard\pcbang.sbr
c:\users\user\documents\flyff\v18\source\output\neuz\nogameguard\piercing.sbr
c:\users\user\documents\flyff\v18\source\output\neuz\nogameguard\post.sbr
c:\users\user\documents\flyff\v18\source\output\neuz\nogameguard\profile.sbr
c:\users\user\documents\flyff\v18\source\output\neuz\nogameguard\profileinfo.sbr
c:\users\user\documents\flyff\v18\source\output\neuz\nogameguard\project.sbr
c:\users\user\documents\flyff\v18\source\output\neuz\nogameguard\projectcmn.sbr
c:\users\user\documents\flyff\v18\source\output\neuz\nogameguard\projectlux.sbr
c:\users\user\documents\flyff\v18\source\output\neuz\nogameguard\quiz.sbr
c:\users\user\documents\flyff\v18\source\output\neuz\nogameguard\rainbowrace.sbr
c:\users\user\documents\flyff\v18\source\output\neuz\nogameguard\randomoption.sbr
c:\users\user\documents\flyff\v18\source\output\neuz\nogameguard\secretroom.sbr
c:\users\user\documents\flyff\v18\source\output\neuz\nogameguard\serialnumber.sbr
c:\users\user\documents\flyff\v18\source\output\neuz\nogameguard\spevent.sbr
c:\users\user\documents\flyff\v18\source\output\neuz\nogameguard\spevent.obj
c:\users\user\documents\flyff\v18\source\output\neuz\nogameguard\serialnumber.obj
c:\users\user\documents\flyff\v18\source\output\neuz\nogameguard\secretroom.obj
c:\users\user\documents\flyff\v18\source\output\neuz\nogameguard\randomoption.obj
c:\users\user\documents\flyff\v18\source\output\neuz\nogameguard\rainbowrace.obj
c:\users\user\documents\flyff\v18\source\output\neuz\nogameguard\quiz.obj
c:\users\user\documents\flyff\v18\source\output\neuz\nogameguard\projectlux.obj
c:\users\user\documents\flyff\v18\source\output\neuz\nogameguard\projectcmn.obj
c:\users\user\documents\flyff\v18\source\output\neuz\nogameguard\project.obj
c:\users\user\documents\flyff\v18\source\output\neuz\nogameguard\profileinfo.obj
c:\users\user\documents\flyff\v18\source\output\neuz\nogameguard\profile.obj
c:\users\user\documents\flyff\v18\source\output\neuz\nogameguard\post.obj
c:\users\user\documents\flyff\v18\source\output\neuz\nogameguard\piercing.obj
c:\users\user\documents\flyff\v18\source\output\neuz\nogameguard\pcbang.obj
c:\users\user\documents\flyff\v18\source\output\neuz\nogameguard\partyquest.obj
c:\users\user\documents\flyff\v18\source\output\neuz\nogameguard\particle.obj
c:\users\user\documents\flyff\v18\source\output\neuz\nogameguard\moverbuff.obj
c:\users\user\documents\flyff\v18\source\output\neuz\nogameguard\minigamebase.obj
c:\users\user\documents\flyff\v18\source\output\neuz\nogameguard\minigame.obj
c:\users\user\documents\flyff\v18\source\output\neuz\nogameguard\messenger.obj
c:\users\user\documents\flyff\v18\source\output\neuz\nogameguard\tax.sbr
c:\users\user\documents\flyff\v18\source\output\neuz\nogameguard\texturepool.sbr
c:\users\user\documents\flyff\v18\source\output\neuz\nogameguard\ticket.sbr
c:\users\user\documents\flyff\v18\source\output\neuz\nogameguard\treeinformation.sbr
c:\users\user\documents\flyff\v18\source\output\neuz\nogameguard\ultimateweapon.sbr
c:\users\user\documents\flyff\v18\source\output\neuz\nogameguard\yutil.sbr
c:\users\user\documents\flyff\v18\source\output\neuz\nogameguard\lod.sbr
c:\users\user\documents\flyff\v18\source\output\neuz\nogameguard\commonctrl.sbr
c:\users\user\documents\flyff\v18\source\output\neuz\nogameguard\createobj.sbr
c:\users\user\documents\flyff\v18\source\output\neuz\nogameguard\ctrl.sbr
c:\users\user\documents\flyff\v18\source\output\neuz\nogameguard\item.sbr
c:\users\user\documents\flyff\v18\source\output\neuz\nogameguard\light.sbr
c:\users\user\documents\flyff\v18\source\output\neuz\nogameguard\mover.sbr
c:\users\user\documents\flyff\v18\source\output\neuz\nogameguard\moveractevent.sbr
c:\users\user\documents\flyff\v18\source\output\neuz\nogameguard\moverattack.sbr
c:\users\user\documents\flyff\v18\source\output\neuz\nogameguard\moverequip.sbr
c:\users\user\documents\flyff\v18\source\output\neuz\nogameguard\moveritem.sbr
c:\users\user\documents\flyff\v18\source\output\neuz\nogameguard\movermove.sbr
c:\users\user\documents\flyff\v18\source\output\neuz\nogameguard\movermsg.sbr
c:\users\user\documents\flyff\v18\source\output\neuz\nogameguard\moverparam.sbr
c:\users\user\documents\flyff\v18\source\output\neuz\nogameguard\moverparam.obj
c:\users\user\documents\flyff\v18\source\output\neuz\nogameguard\movermsg.obj
c:\users\user\documents\flyff\v18\source\output\neuz\nogameguard\movermove.obj
c:\users\user\documents\flyff\v18\source\output\neuz\nogameguard\moveritem.obj
c:\users\user\documents\flyff\v18\source\output\neuz\nogameguard\moverequip.obj
c:\users\user\documents\flyff\v18\source\output\neuz\nogameguard\moverattack.obj
c:\users\user\documents\flyff\v18\source\output\neuz\nogameguard\moveractevent.obj
c:\users\user\documents\flyff\v18\source\output\neuz\nogameguard\mover.obj
c:\users\user\documents\flyff\v18\source\output\neuz\nogameguard\light.obj
c:\users\user\documents\flyff\v18\source\output\neuz\nogameguard\item.obj
c:\users\user\documents\flyff\v18\source\output\neuz\nogameguard\ctrl.obj
c:\users\user\documents\flyff\v18\source\output\neuz\nogameguard\createobj.obj
c:\users\user\documents\flyff\v18\source\output\neuz\nogameguard\commonctrl.obj
c:\users\user\documents\flyff\v18\source\output\neuz\nogameguard\lod.obj
c:\users\user\documents\flyff\v18\source\output\neuz\nogameguard\yutil.obj
c:\users\user\documents\flyff\v18\source\output\neuz\nogameguard\ultimateweapon.obj
c:\users\user\documents\flyff\v18\source\output\neuz\nogameguard\treeinformation.obj
c:\users\user\documents\flyff\v18\source\output\neuz\nogameguard\ticket.obj
c:\users\user\documents\flyff\v18\source\output\neuz\nogameguard\texturepool.obj
c:\users\user\documents\flyff\v18\source\output\neuz\nogameguard\tax.obj
c:\users\user\documents\flyff\v18\source\output\neuz\nogameguard\moverrender.sbr
c:\users\user\documents\flyff\v18\source\output\neuz\nogameguard\moverskill.sbr
c:\users\user\documents\flyff\v18\source\output\neuz\nogameguard\obj.sbr
c:\users\user\documents\flyff\v18\source\output\neuz\nogameguard\objserialize.sbr
c:\users\user\documents\flyff\v18\source\output\neuz\nogameguard\objserializeopt.sbr
c:\users\user\documents\flyff\v18\source\output\neuz\nogameguard\pathobj.sbr
c:\users\user\documents\flyff\v18\source\output\neuz\nogameguard\pet.sbr
c:\users\user\documents\flyff\v18\source\output\neuz\nogameguard\region.sbr
c:\users\user\documents\flyff\v18\source\output\neuz\nogameguard\sfx.sbr
c:\users\user\documents\flyff\v18\source\output\neuz\nogameguard\sfxbase.sbr
c:\users\user\documents\flyff\v18\source\output\neuz\nogameguard\sfxobj.sbr
c:\users\user\documents\flyff\v18\source\output\neuz\nogameguard\ship.sbr
c:\users\user\documents\flyff\v18\source\output\neuz\nogameguard\skillinfluence.sbr
c:\users\user\documents\flyff\v18\source\output\neuz\nogameguard\weather.sbr
c:\users\user\documents\flyff\v18\source\output\neuz\nogameguard\billboard.sbr
c:\users\user\documents\flyff\v18\source\output\neuz\nogameguard\bone.sbr
c:\users\user\documents\flyff\v18\source\output\neuz\nogameguard\material.sbr
c:\users\user\documents\flyff\v18\source\output\neuz\nogameguard\model.sbr
c:\users\user\documents\flyff\v18\source\output\neuz\nogameguard\modelglobal.sbr
c:\users\user\documents\flyff\v18\source\output\neuz\nogameguard\modelmng.sbr
c:\users\user\documents\flyff\v18\source\output\neuz\nogameguard\modelmng.obj
c:\users\user\documents\flyff\v18\source\output\neuz\nogameguard\modelglobal.obj
c:\users\user\documents\flyff\v18\source\output\neuz\nogameguard\model.obj
c:\users\user\documents\flyff\v18\source\output\neuz\nogameguard\material.obj
c:\users\user\documents\flyff\v18\source\output\neuz\nogameguard\bone.obj
c:\users\user\documents\flyff\v18\source\output\neuz\nogameguard\billboard.obj
c:\users\user\documents\flyff\v18\source\output\neuz\nogameguard\weather.obj
c:\users\user\documents\flyff\v18\source\output\neuz\nogameguard\skillinfluence.obj
c:\users\user\documents\flyff\v18\source\output\neuz\nogameguard\ship.obj
c:\users\user\documents\flyff\v18\source\output\neuz\nogameguard\sfxobj.obj
c:\users\user\documents\flyff\v18\source\output\neuz\nogameguard\sfxbase.obj
c:\users\user\documents\flyff\v18\source\output\neuz\nogameguard\sfx.obj
c:\users\user\documents\flyff\v18\source\output\neuz\nogameguard\region.obj
c:\users\user\documents\flyff\v18\source\output\neuz\nogameguard\pet.obj
c:\users\user\documents\flyff\v18\source\output\neuz\nogameguard\pathobj.obj
c:\users\user\documents\flyff\v18\source\output\neuz\nogameguard\objserializeopt.obj
c:\users\user\documents\flyff\v18\source\output\neuz\nogameguard\objserialize.obj
c:\users\user\documents\flyff\v18\source\output\neuz\nogameguard\obj.obj
c:\users\user\documents\flyff\v18\source\output\neuz\nogameguard\moverskill.obj
c:\users\user\documents\flyff\v18\source\output\neuz\nogameguard\moverrender.obj
c:\users\user\documents\flyff\v18\source\output\neuz\nogameguard\modelobject.sbr
c:\users\user\documents\flyff\v18\source\output\neuz\nogameguard\object3d.sbr
c:\users\user\documents\flyff\v18\source\output\neuz\nogameguard\particlemng.sbr
c:\users\user\documents\flyff\v18\source\output\neuz\nogameguard\shader.sbr
c:\users\user\documents\flyff\v18\source\output\neuz\nogameguard\taileffectmng.sbr
c:\users\user\documents\flyff\v18\source\output\neuz\nogameguard\scanner.sbr
c:\users\user\documents\flyff\v18\source\output\neuz\nogameguard\script.sbr
c:\users\user\documents\flyff\v18\source\output\neuz\nogameguard\guild.sbr
c:\users\user\documents\flyff\v18\source\output\neuz\nogameguard\guildquest.sbr
c:\users\user\documents\flyff\v18\source\output\neuz\nogameguard\guildrender.sbr
c:\users\user\documents\flyff\v18\source\output\neuz\nogameguard\guildwar.sbr
c:\users\user\documents\flyff\v18\source\output\neuz\nogameguard\party.sbr
c:\users\user\documents\flyff\v18\source\output\neuz\nogameguard\camera.sbr
c:\users\user\documents\flyff\v18\source\output\neuz\nogameguard\environment.sbr
c:\users\user\documents\flyff\v18\source\output\neuz\nogameguard\respawn.sbr
c:\users\user\documents\flyff\v18\source\output\neuz\nogameguard\skybox.sbr
c:\users\user\documents\flyff\v18\source\output\neuz\nogameguard\terrainmng.sbr
c:\users\user\documents\flyff\v18\source\output\neuz\nogameguard\world.sbr
c:\users\user\documents\flyff\v18\source\output\neuz\nogameguard\world3d.sbr
c:\users\user\documents\flyff\v18\source\output\neuz\nogameguard\worldenvironment.sbr
c:\users\user\documents\flyff\v18\source\output\neuz\nogameguard\worldenvironment.obj
c:\users\user\documents\flyff\v18\source\output\neuz\nogameguard\world3d.obj
c:\users\user\documents\flyff\v18\source\output\neuz\nogameguard\world.obj
c:\users\user\documents\flyff\v18\source\output\neuz\nogameguard\terrainmng.obj
c:\users\user\documents\flyff\v18\source\output\neuz\nogameguard\skybox.obj
c:\users\user\documents\flyff\v18\source\output\neuz\nogameguard\respawn.obj
c:\users\user\documents\flyff\v18\source\output\neuz\nogameguard\environment.obj
c:\users\user\documents\flyff\v18\source\output\neuz\nogameguard\camera.obj
c:\users\user\documents\flyff\v18\source\output\neuz\nogameguard\party.obj
c:\users\user\documents\flyff\v18\source\output\neuz\nogameguard\guildwar.obj
c:\users\user\documents\flyff\v18\source\output\neuz\nogameguard\guildrender.obj
c:\users\user\documents\flyff\v18\source\output\neuz\nogameguard\guildquest.obj
c:\users\user\documents\flyff\v18\source\output\neuz\nogameguard\guild.obj
c:\users\user\documents\flyff\v18\source\output\neuz\nogameguard\script.obj
c:\users\user\documents\flyff\v18\source\output\neuz\nogameguard\scanner.obj
c:\users\user\documents\flyff\v18\source\output\neuz\nogameguard\taileffectmng.obj
c:\users\user\documents\flyff\v18\source\output\neuz\nogameguard\shader.obj
c:\users\user\documents\flyff\v18\source\output\neuz\nogameguard\particlemng.obj
c:\users\user\documents\flyff\v18\source\output\neuz\nogameguard\object3d.obj
c:\users\user\documents\flyff\v18\source\output\neuz\nogameguard\modelobject.obj
c:\users\user\documents\flyff\v18\source\output\neuz\nogameguard\worldfile.sbr
c:\users\user\documents\flyff\v18\source\output\neuz\nogameguard\worldintersect.sbr
c:\users\user\documents\flyff\v18\source\output\neuz\nogameguard\worldmng.sbr
c:\users\user\documents\flyff\v18\source\output\neuz\nogameguard\2drender.sbr
c:\users\user\documents\flyff\v18\source\output\neuz\nogameguard\editstring.sbr
c:\users\user\documents\flyff\v18\source\output\neuz\nogameguard\file.sbr
c:\users\user\documents\flyff\v18\source\output\neuz\nogameguard\graphic3d.sbr
c:\users\user\documents\flyff\v18\source\output\neuz\nogameguard\music.sbr
c:\users\user\documents\flyff\v18\source\output\neuz\nogameguard\music2.sbr
c:\users\user\documents\flyff\v18\source\output\neuz\nogameguard\path.sbr
c:\users\user\documents\flyff\v18\source\output\neuz\nogameguard\targa.sbr
c:\users\user\documents\flyff\v18\source\output\neuz\nogameguard\timer.sbr
c:\users\user\documents\flyff\v18\source\output\neuz\nogameguard\vutil.sbr
c:\users\user\documents\flyff\v18\source\output\neuz\nogameguard\xutil.sbr
c:\users\user\documents\flyff\v18\source\output\neuz\nogameguard\xutil3d.sbr
c:\users\user\documents\flyff\v18\source\output\neuz\nogameguard\clientmsg.sbr
c:\users\user\documents\flyff\v18\source\output\neuz\nogameguard\dialogmsg.sbr
c:\users\user\documents\flyff\v18\source\output\neuz\nogameguard\console.sbr
c:\users\user\documents\flyff\v18\source\output\neuz\nogameguard\consolefunc.sbr
c:\users\user\documents\flyff\v18\source\output\neuz\nogameguard\tools.sbr
c:\users\user\documents\flyff\v18\source\output\neuz\nogameguard\tools.obj
c:\users\user\documents\flyff\v18\source\output\neuz\nogameguard\consolefunc.obj
c:\users\user\documents\flyff\v18\source\output\neuz\nogameguard\console.obj
c:\users\user\documents\flyff\v18\source\output\neuz\nogameguard\dialogmsg.obj
c:\users\user\documents\flyff\v18\source\output\neuz\nogameguard\clientmsg.obj
c:\users\user\documents\flyff\v18\source\output\neuz\nogameguard\xutil3d.obj
c:\users\user\documents\flyff\v18\source\output\neuz\nogameguard\xutil.obj
c:\users\user\documents\flyff\v18\source\output\neuz\nogameguard\vutil.obj
c:\users\user\documents\flyff\v18\source\output\neuz\nogameguard\timer.obj
c:\users\user\documents\flyff\v18\source\output\neuz\nogameguard\targa.obj
c:\users\user\documents\flyff\v18\source\output\neuz\nogameguard\path.obj
c:\users\user\documents\flyff\v18\source\output\neuz\nogameguard\music2.obj
c:\users\user\documents\flyff\v18\source\output\neuz\nogameguard\music.obj
c:\users\user\documents\flyff\v18\source\output\neuz\nogameguard\graphic3d.obj
c:\users\user\documents\flyff\v18\source\output\neuz\nogameguard\file.obj
c:\users\user\documents\flyff\v18\source\output\neuz\nogameguard\editstring.obj
c:\users\user\documents\flyff\v18\source\output\neuz\nogameguard\2drender.obj
c:\users\user\documents\flyff\v18\source\output\neuz\nogameguard\worldmng.obj
c:\users\user\documents\flyff\v18\source\output\neuz\nogameguard\worldintersect.obj
c:\users\user\documents\flyff\v18\source\output\neuz\nogameguard\worldfile.obj
c:\users\user\documents\flyff\v18\source\output\neuz\nogameguard\buffer.sbr
c:\users\user\documents\flyff\v18\source\output\neuz\nogameguard\clientsock.sbr
c:\users\user\documents\flyff\v18\source\output\neuz\nogameguard\clientsocke.sbr
c:\users\user\documents\flyff\v18\source\output\neuz\nogameguard\crc.sbr
c:\users\user\documents\flyff\v18\source\output\neuz\nogameguard\dpmng.sbr
c:\users\user\documents\flyff\v18\source\output\neuz\nogameguard\dpsock.sbr
c:\users\user\documents\flyff\v18\source\output\neuz\nogameguard\serversock.sbr
c:\users\user\documents\flyff\v18\source\output\neuz\nogameguard\serversocke.sbr
c:\users\user\documents\flyff\v18\source\output\neuz\nogameguard\sock.sbr
c:\users\user\documents\flyff\v18\source\output\neuz\nogameguard\ar.sbr
c:\users\user\documents\flyff\v18\source\output\neuz\nogameguard\heapmng.sbr
c:\users\user\documents\flyff\v18\source\output\neuz\nogameguard\writeavi.sbr
c:\users\user\documents\flyff\v18\source\output\neuz\nogameguard\action.sbr
c:\users\user\documents\flyff\v18\source\output\neuz\nogameguard\actionmover.sbr
c:\users\user\documents\flyff\v18\source\output\neuz\nogameguard\actionmovercollision.sbr
c:\users\user\documents\flyff\v18\source\output\neuz\nogameguard\actionmoverctrl.sbr
c:\users\user\documents\flyff\v18\source\output\neuz\nogameguard\actionmoverdmg.sbr
c:\users\user\documents\flyff\v18\source\output\neuz\nogameguard\actionmovermsg.sbr
c:\users\user\documents\flyff\v18\source\output\neuz\nogameguard\actionmovermsg2.sbr
c:\users\user\documents\flyff\v18\source\output\neuz\nogameguard\actionmoverstate.sbr
c:\users\user\documents\flyff\v18\source\output\neuz\nogameguard\actionmoverstate.obj
c:\users\user\documents\flyff\v18\source\output\neuz\nogameguard\actionmovermsg2.obj
c:\users\user\documents\flyff\v18\source\output\neuz\nogameguard\actionmovermsg.obj
c:\users\user\documents\flyff\v18\source\output\neuz\nogameguard\actionmoverdmg.obj
c:\users\user\documents\flyff\v18\source\output\neuz\nogameguard\actionmoverctrl.obj
c:\users\user\documents\flyff\v18\source\output\neuz\nogameguard\actionmovercollision.obj
c:\users\user\documents\flyff\v18\source\output\neuz\nogameguard\actionmover.obj
c:\users\user\documents\flyff\v18\source\output\neuz\nogameguard\action.obj
c:\users\user\documents\flyff\v18\source\output\neuz\nogameguard\writeavi.obj
c:\users\user\documents\flyff\v18\source\output\neuz\nogameguard\heapmng.obj
c:\users\user\documents\flyff\v18\source\output\neuz\nogameguard\ar.obj
c:\users\user\documents\flyff\v18\source\output\neuz\nogameguard\sock.obj
c:\users\user\documents\flyff\v18\source\output\neuz\nogameguard\serversocke.obj
c:\users\user\documents\flyff\v18\source\output\neuz\nogameguard\serversock.obj
c:\users\user\documents\flyff\v18\source\output\neuz\nogameguard\dpsock.obj
c:\users\user\documents\flyff\v18\source\output\neuz\nogameguard\dpmng.obj
c:\users\user\documents\flyff\v18\source\output\neuz\nogameguard\crc.obj
c:\users\user\documents\flyff\v18\source\output\neuz\nogameguard\clientsocke.obj
c:\users\user\documents\flyff\v18\source\output\neuz\nogameguard\clientsock.obj
c:\users\user\documents\flyff\v18\source\output\neuz\nogameguard\buffer.obj
c:\users\user\documents\flyff\v18\source\output\neuz\nogameguard\actionmoverstate2.sbr
c:\users\user\documents\flyff\v18\source\output\neuz\nogameguard\actionship.sbr
c:\users\user\documents\flyff\v18\source\output\neuz\nogameguard\exceptionhandler.sbr
c:\users\user\documents\flyff\v18\source\output\neuz\nogameguard\exceptionhandler.obj
c:\users\user\documents\flyff\v18\source\output\neuz\nogameguard\actionship.obj
c:\users\user\documents\flyff\v18\source\output\neuz\nogameguard\actionmoverstate2.obj
c:\users\user\documents\flyff\v18\source\output\neuz\nogameguard\usermarkpositioninfo.obj
c:\users\user\documents\flyff\v18\source\output\neuz\nogameguard\teleportationiconinfo.obj
c:\users\user\documents\flyff\v18\source\output\neuz\nogameguard\rijndael.obj
c:\users\user\documents\flyff\v18\source\output\neuz\nogameguard\rainbownpcinformationpack.obj
c:\users\user\documents\flyff\v18\source\output\neuz\nogameguard\rainbownpcinformation.obj
c:\users\user\documents\flyff\v18\source\output\neuz\nogameguard\mapmonsterinformationpack.obj
c:\users\user\documents\flyff\v18\source\output\neuz\nogameguard\mapmonsterinformation.obj
c:\users\user\documents\flyff\v18\source\output\neuz\nogameguard\mapinformationmanager.obj
c:\users\user\documents\flyff\v18\source\output\neuz\nogameguard\mapcomboboxdata.obj
c:\users\user\documents\flyff\v18\source\output\neuz\nogameguard\wndmapex.obj
c:\users\user\documents\flyff\v18\source\output\neuz\nogameguard\wndchattingblockinglist.obj
c:\users\user\documents\flyff\v18\source\output\neuz\nogameguard\wndusermarknamechanger.obj
c:\users\user\documents\flyff\v18\source\output\neuz\nogameguard\wndmailrequestingbox.obj
c:\users\user\documents\flyff\v18\source\output\neuz\nogameguard\wndhelperwebbox.obj
c:\users\user\documents\flyff\v18\source\output\neuz\nogameguard\helperwebbox.obj
c:\users\user\documents\flyff\v18\source\output\neuz\nogameguard\dpcollectclient.obj
c:\users\user\documents\flyff\v18\source\output\neuz\nogameguard\wndcolosseum.obj
c:\users\user\documents\flyff\v18\source\output\neuz\nogameguard\neuz.exe
c:\users\user\documents\flyff\v18\source\output\neuz\nogameguard\neuz.map
c:\users\user\documents\flyff\v18\source\output\neuz\nogameguard\neuz.pdb
c:\users\user\documents\flyff\v18\source\output\neuz\nogameguard\winmain.res
c:\users\user\documents\flyff\v18\source\output\neuz\nogameguard\neuz.tlog\bscmake.command.1.tlog
c:\users\user\documents\flyff\v18\source\output\neuz\nogameguard\neuz.tlog\bscmake.read.1.tlog
c:\users\user\documents\flyff\v18\source\output\neuz\nogameguard\neuz.tlog\bscmake.write.1.tlog
c:\users\user\documents\flyff\v18\source\output\neuz\nogameguard\neuz.tlog\cl.command.1.tlog
c:\users\user\documents\flyff\v18\source\output\neuz\nogameguard\neuz.tlog\cl.items.tlog
c:\users\user\documents\flyff\v18\source\output\neuz\nogameguard\neuz.tlog\cl.read.1.tlog
c:\users\user\documents\flyff\v18\source\output\neuz\nogameguard\neuz.tlog\cl.write.1.tlog
c:\users\user\documents\flyff\v18\source\output\neuz\nogameguard\neuz.tlog\link.command.1.tlog
c:\users\user\documents\flyff\v18\source\output\neuz\nogameguard\neuz.tlog\link.read.1.tlog
c:\users\user\documents\flyff\v18\source\output\neuz\nogameguard\neuz.tlog\link.secondary.1.tlog
c:\users\user\documents\flyff\v18\source\output\neuz\nogameguard\neuz.tlog\link.write.1.tlog
c:\users\user\documents\flyff\v18\source\output\neuz\nogameguard\neuz.tlog\rc.command.1.tlog
c:\users\user\documents\flyff\v18\source\output\neuz\nogameguard\neuz.tlog\rc.read.1.tlog
c:\users\user\documents\flyff\v18\source\output\neuz\nogameguard\neuz.tlog\rc.write.1.tlog
