  StdAfx.cpp
  accessory.cpp
  CampusHelper.cpp
  clord.cpp
  Cloth.cpp
  collecting.cpp
  couplehelper.cpp
  DPCertified.cpp
  DPClient.cpp
  DPClientGuildWar.cpp
  DPClientLux.cpp
  DPLoginClient.cpp
  langman.cpp
  lord.cpp
  memtrace.cpp
  Network.cpp
  Neuz.cpp
  NeuzEnemy.cpp
  NeuzMsgProc.cpp
  OpenLoadWnd.cpp
  playerdata.cpp
  Generating Code...
  Compiling...
  pocket.cpp
  rtmessenger.cpp
  TimeLimit.cpp
  WebBox.cpp
  WebCtrl.cpp
  WndQuizEvent.cpp
  WorldMap.cpp
  d3dapp.cpp
  d3denumeration.cpp
  d3dfont.cpp
  d3dsettings.cpp
  d3dutil.cpp
  dsutil.cpp
  dxutil.cpp
  FuncApplet.cpp
  FuncTextCmd.cpp
  WndGuideSystem.cpp
  WndInvenRemoveItem.cpp
  WndManager.cpp
  WndMessageBox.cpp
  Generating Code...
  Compiling...
  WndNeuz.cpp
  WndQuest.cpp
  WndQuitRoom.cpp
  WndRoomList.cpp
  WndSelectVillage.cpp
  WndWebBox.cpp
  WndWorld.cpp
  WndWorldControlPlayer.cpp
  ResManager.cpp
  WndBase.cpp
  WndControl.cpp
  WndEditCtrl.cpp
  WndItemCtrl.cpp
  WndTradeCtrl.cpp
  WndCredit.cpp
  WndTitle.cpp
  Clipboard.cpp
  ITheme.cpp
  tooltip.cpp
  Wnd2ndPassword.cpp
  Generating Code...
  Compiling...
  WndAwakening.cpp
  WndBagEx.cpp
  WndBank.cpp
  WndBlessingCancel.cpp
  WndChangeFace.cpp
  WndChangeName.cpp
  WndCloseExistingConnection.cpp
  WndCollecting.cpp
  WndCommItem.cpp
  WndDialog.cpp
  WndDuelConfirm.cpp
  WndField.cpp
  WndHelp.cpp
  WndHousing.cpp
  WndLord.cpp
  WndLvReqDown.cpp
  WndMap.cpp
  WndMessengerSearch.cpp
  WndMiniGame.cpp
  WndMotion.cpp
  Generating Code...
  Compiling...
  WndNotice.cpp
  WndOption.cpp
  WndOptionGame.cpp
  WndParty.cpp
  WndPartyChangeTroup.cpp
  WndPartyConfirm.cpp
  WndPartyQuick.cpp
  WndPetRes.cpp
  WndPetSys.cpp
  WndPvp.cpp
  WndQuestQuickInfo.cpp
  WndRainbowRace.cpp
  WndRepairItem.cpp
  WndRepairItemCtrl.cpp
  WndSealChar.cpp
  WndSelectCh.cpp
  WndShop.cpp
  WndSummonAngel.cpp
  WndSummonFriend.cpp
  WndTaskBar.cpp
  Generating Code...
  Compiling...
  WndText.cpp
  WndTutorial.cpp
  WndUpgradeBase.cpp
  WndChatFilter.cpp
  WndCommand.cpp
  WndCommunication.cpp
  WndFriendConFirm.cpp
  WndFriendCtrl.cpp
  WndGuildCtrl.cpp
  WndMessenger.cpp
  WndMessengerCtrl.cpp
  WndPartyCtrl.cpp
  WndRegVend.cpp
  WndVendor.cpp
  WndVendorBuy.cpp
  WndVendorCtrl.cpp
  WndGuild.cpp
  WndGuildBank.cpp
  WndGuildCombat1to1.cpp
  WndGuildHouse.cpp
  Generating Code...
  Compiling...
  WndGuildMerit.cpp
  WndGuildName.cpp
  WndGuildTabApp.cpp
  WndGuildTabInfo.cpp
  WndGuildTabMember.cpp
  WndGuildTabPower.cpp
  WndGuildTabWar.cpp
  WndGuildVote.cpp
  WndGuildWarDecl.cpp
  WndGuildWarGiveUp.cpp
  WndGuildWarPeace.cpp
  WndGuildWarPeaceConfirm.cpp
  WndGuildWarRequest.cpp
  WndSecretRoom.cpp
  WndRankGuild.cpp
  WndRankInfo.cpp
  WndRankWar.cpp
  WndPiercing.cpp
  WndAdminCreateItem.cpp
  WndDebugInfo.cpp
  Generating Code...
  Compiling...
  WndIndirectTalk.cpp
  AIInterface.cpp
  buff.cpp
  Campus.cpp
  Chatting.cpp
  Continent.cpp
  CooltimeMgr.cpp
  couple.cpp
  debug.cpp
  DefineCommon.cpp
  eveschool.cpp
  Exchange.cpp
  flyffevent.cpp
  GuildCombat1to1.cpp
  GuildHouse.cpp
  honor.cpp
  Housing.cpp
  HwOption.cpp
  lordskill.cpp
  LuaBase.cpp
  Generating Code...
  Compiling...
  messenger.cpp
  MiniGame.cpp
  MiniGameBase.cpp
  moverbuff.cpp
  Particle.cpp
  partyquest.cpp
  PCBang.cpp
  piercing.cpp
  post.cpp
  profile.cpp
  ProfileInfo.cpp
  Project.cpp
  ProjectCmn.cpp
  ProjectLux.cpp
  Quiz.cpp
  RainbowRace.cpp
  randomoption.cpp
  SecretRoom.cpp
  serialnumber.cpp
  spevent.cpp
  Generating Code...
  Compiling...
  Tax.cpp
  TexturePool.cpp
  ticket.cpp
  TreeInformation.cpp
  UltimateWeapon.cpp
  yUtil.cpp
  lod.cpp
  CommonCtrl.cpp
  CreateObj.cpp
  Ctrl.cpp
  Item.cpp
  Light.cpp
  Mover.cpp
  MoverActEvent.cpp
  MoverAttack.cpp
  MoverEquip.cpp
  MoverItem.cpp
  MoverMove.cpp
  MoverMsg.cpp
  MoverParam.cpp
  Generating Code...
  Compiling...
  MoverRender.cpp
  MoverSkill.cpp
  Obj.cpp
  ObjSerialize.cpp
  ObjSerializeOpt.cpp
  PathObj.cpp
  pet.cpp
  Region.cpp
  Sfx.cpp
  sfxbase.cpp
  SfxObj.cpp
  Ship.cpp
  SkillInfluence.cpp
  weather.cpp
  billboard.cpp
  Bone.cpp
  Material.cpp
  Model.cpp
  ModelGlobal.cpp
  ModelMng.cpp
  Generating Code...
  Compiling...
  ModelObject.cpp
  Object3D.cpp
  ParticleMng.cpp
  Shader.cpp
  TailEffectMng.cpp
  scanner.cpp
  Script.cpp
  guild.cpp
  guildquest.cpp
  GuildRender.cpp
  guildwar.cpp
  party.cpp
  Camera.cpp
  Environment.cpp
  Respawn.cpp
  SkyBox.cpp
  TerrainMng.cpp
  World.cpp
  World3D.cpp
  WorldEnvironment.cpp
  Generating Code...
  Compiling...
  WorldFile.cpp
  WorldIntersect.cpp
  worldmng.cpp
  2DRender.cpp
  EditString.cpp
  File.cpp
  Graphic3D.cpp
  Music.cpp
  Music2.cpp
  path.cpp
  targa.cpp
  timer.cpp
  vutil.cpp
  xUtil.cpp
  xUtil3D.cpp
  ClientMsg.cpp
  DialogMsg.cpp
  Console.cpp
  ConsoleFunc.cpp
  tools.cpp
  Generating Code...
  Compiling...
  buffer.cpp
  clientsock.cpp
  clientsocke.cpp
  crc.cpp
  dpmng.cpp
  dpsock.cpp
  serversock.cpp
  serversocke.cpp
  sock.cpp
  ar.cpp
  heapmng.cpp
  WRITEAVI.CPP
  Action.cpp
  ActionMover.cpp
  ActionMoverCollision.cpp
  ActionMoverCtrl.cpp
  ActionMoverDmg.cpp
  ActionMoverMsg.cpp
  ActionMoverMsg2.cpp
  ActionMoverState.cpp
  Generating Code...
  Compiling...
  ActionMoverState2.cpp
  ActionShip.cpp
  ExceptionHandler.cpp
  Generating Code...
  WndColosseum.cpp
  DPCollectClient.cpp
  HelperWebBox.cpp
  WndHelperWebBox.cpp
  WndMailRequestingBox.cpp
  WndUserMarkNameChanger.cpp
  WndChattingBlockingList.cpp
  WndMapEx.cpp
  MapComboBoxData.cpp
  MapInformationManager.cpp
  MapMonsterInformation.cpp
  MapMonsterInformationPack.cpp
  RainbowNPCInformation.cpp
  RainbowNPCInformationPack.cpp
  Rijndael.cpp
  TeleportationIconInfo.cpp
  UserMarkPositionInfo.cpp
  Generating Code...
  Neuz.vcxproj -> C:\Users\User\Documents\FlyFF\v18\Source\Output\Neuz\NoGameguard\Neuz.exe
